
SYMBOLS BY NAME

    4818 CODE       _ClrLED0            
    482c CODE       _ClrLED1            
    4840 CODE       _ClrLED2            
    4784 CODE       _GetBattState       
    4078 ISR        _ISRADC             
    4068 ISR        _ISRCMPA            
    4074 ISR        _ISRNMI             
    405c ISR        _ISRPort1           
    4058 ISR        _ISRPort2           
    4034 ISR        _ISRRx0             
    4036 ISR        _ISRRx1             
    4060 ISR        _ISRTimerA1         
    4070 ISR        _ISRTimerB0         
    406c ISR        _ISRTimerB1         
    401c ISR        _ISRTx0             
    401e ISR        _ISRTx1             
    4064 ISR        _ISRWDT             
    4790 CODE       _Init               
    49f6 CODE       _MsgTS              
    56b4 CODE       _OSClrWDTHook       
    55b2 CODE       _OSCreateSem        
    51fc CODE       _OSCreateTask       
    56ea CODE       _OSCtxSw            
    52dc CODE       _OSDelDelayQ        
    5298 CODE       _OSDelPrioQ         
    500a CODE       _OSDelay            
    56a4 CODE       _OSDisableHook      
    56c6 CODE       _OSDispatch         
    56ae CODE       _OSEnableHook       
    5668 CODE       _OSGetTicks         
    56a2 CODE       _OSIdlingHook       
    51da CODE       _OSInit             
    5274 CODE       _OSInitPrioTask     
    5368 CODE       _OSInsDelayQ        
    5318 CODE       _OSInsPrioQ         
    53ca CODE       _OSSched            
    560c CODE       _OSSignalSem        
    5686 CODE       _OSTimer            
    5098 CODE       _OSWaitEvent        
    55d8 CODE       _OSWaitSem          
    1328 UDATA0     _OScTcbP            
    12e6 UDATA0     _OSdelayQP          
    12ec UDATA0     _OSecbArea          
    132a UDATA0     _OSeligQP           
    12de UDATA0     _OSframeP           
    12e0 UDATA0     _OSlostTicks        
    12ea UDATA0     _OSsigQinP          
    12e8 UDATA0     _OSsigQoutP         
    132c UDATA0     _OStcbArea          
    12e2 UDATA0     _OStimerTicks       
    478a CODE       _SetBattState       
    4822 CODE       _SetLED0            
    4836 CODE       _SetLED1            
    484a CODE       _SetLED2            
    4654 CODE       _TaskADC            
    4b3a CODE       _TaskDoCmds         
    47fe CODE       _TaskIO             
    4d42 CODE       _TaskLED            
    4a64 CODE       _TaskUI             
    4000 ISR        _Timer_A            
    1100            ___RAM_Address      
    2800            ___RAM_Size         
    1100 IDATA0     ___begin_IDATA0     
    1105 UDATA0     ___begin_UDATA0     
     134            ___crt_mac          
     130            ___crt_mpy          
     138            ___crt_op2          
     13c            ___crt_reshi        
     13a            ___crt_reslo        
     13e            ___crt_sumext       
    6f14 CODE       ___debug_io_lock    
    6f16 CODE       ___debug_io_unlock  
    6ecc CODE       ___do_debug_operation
    1105 IDATA0     ___end_IDATA0       
    1648 UDATA0     ___end_UDATA0       
    6b7c CODE       ___float32_add      
    6d76 CODE       ___float32_div      
    6e5c CODE       ___float32_eq       
    698a CODE       ___float32_isinf    
    69a4 CODE       ___float32_isnan    
    6e40 CODE       ___float32_lt       
    6c82 CODE       ___float32_mul      
    6c76 CODE       ___float32_sub      
    6ab2 CODE       ___float32_to_int64 
    1642 UDATA0     ___format_extender  
    44be CONST      ___hex_lc           
    44ae CONST      ___hex_uc           
    574a CODE       ___int16_div        
    5770 CODE       ___int16_mod        
    5796 CODE       ___int16_mul        
    571c CODE       ___int32_mul        
    57aa CODE       ___int64_lsl        
    57bc CODE       ___int64_lsr        
    58ec CODE       ___pow10            
    59c4 CODE       ___pre_padding      
    599e CODE       ___print_padding    
    5952 CODE       ___putc             
    580c CODE       ___uint16_div       
    5824 CODE       ___uint32_div       
    5832 CODE       ___uint32_divmod    
    585a CODE       ___uint32_mod       
    586c CODE       ___uint64_div       
    58b0 CODE       ___uint64_divmod    
    57d0 CODE       ___uint64_mod       
    69bc CODE       ___uint64_to_float32
    5a92 CODE       ___vfprintf         
    5a92 CODE       ___vfprintf_float_long
    59f6 CODE       _abs                
    1104 IDATA0     _cmd                
    1646 UDATA0     _dbgCntrlWord       
    1644 UDATA0     _dbgCommWord        
    6f02 CODE       _debug_exit         
    6ea8 CODE       _frexp              
    4854 CODE       _getDays            
    489c CODE       _getHours           
    4918 CODE       _getMinutes         
    4994 CODE       _getSeconds         
    6e6c CODE       _ldexp              
    4598 CODE       _main               
    5a62 CODE       _memcpy             
    5a72 CODE       _memset             
    153a UDATA0     _rx1Buff            
    163e UDATA0     _rx1Count           
    163c UDATA0     _rx1InP             
    163a UDATA0     _rx1OutP            
    4d3c CODE       _setCmd             
    5a26 CODE       _sprintf            
    1105 UDATA0     _strTmp             
    5a82 CODE       _strlen             
    5a06 CODE       _tolower            
    13a4 UDATA0     _tx1Buff            
    1538 UDATA0     _tx1Count           
    1536 UDATA0     _tx1InP             
    1534 UDATA0     _tx1OutP            
    4f30 CODE       _usart_uart1_getchar
    4fe4 CODE       _usart_uart1_inchar 
    4e98 CODE       _usart_uart1_open   
    4fb8 CODE       _usart_uart1_outchar
    4f64 CODE       _usart_uart1_putchar
    4f96 CODE       _usart_uart1_puts   
    4f26 CODE       _usart_uart1_tx_free


SYMBOLS BY VALUE

     130            ___crt_mpy          
     134            ___crt_mac          
     138            ___crt_op2          
     13a            ___crt_reslo        
     13c            ___crt_reshi        
     13e            ___crt_sumext       
    1100 IDATA0     ___begin_IDATA0     
    1100            ___RAM_Address      
    1104 IDATA0     _cmd                
    1105 UDATA0     ___begin_UDATA0     
    1105 IDATA0     ___end_IDATA0       
    1105 UDATA0     _strTmp             
    12de UDATA0     _OSframeP           
    12e0 UDATA0     _OSlostTicks        
    12e2 UDATA0     _OStimerTicks       
    12e6 UDATA0     _OSdelayQP          
    12e8 UDATA0     _OSsigQoutP         
    12ea UDATA0     _OSsigQinP          
    12ec UDATA0     _OSecbArea          
    1328 UDATA0     _OScTcbP            
    132a UDATA0     _OSeligQP           
    132c UDATA0     _OStcbArea          
    13a4 UDATA0     _tx1Buff            
    1534 UDATA0     _tx1OutP            
    1536 UDATA0     _tx1InP             
    1538 UDATA0     _tx1Count           
    153a UDATA0     _rx1Buff            
    163a UDATA0     _rx1OutP            
    163c UDATA0     _rx1InP             
    163e UDATA0     _rx1Count           
    1642 UDATA0     ___format_extender  
    1644 UDATA0     _dbgCommWord        
    1646 UDATA0     _dbgCntrlWord       
    1648 UDATA0     ___end_UDATA0       
    2800            ___RAM_Size         
    4000 ISR        _Timer_A            
    401c ISR        _ISRTx0             
    401e ISR        _ISRTx1             
    4034 ISR        _ISRRx0             
    4036 ISR        _ISRRx1             
    4058 ISR        _ISRPort2           
    405c ISR        _ISRPort1           
    4060 ISR        _ISRTimerA1         
    4064 ISR        _ISRWDT             
    4068 ISR        _ISRCMPA            
    406c ISR        _ISRTimerB1         
    4070 ISR        _ISRTimerB0         
    4074 ISR        _ISRNMI             
    4078 ISR        _ISRADC             
    44ae CONST      ___hex_uc           
    44be CONST      ___hex_lc           
    4598 CODE       _main               
    4654 CODE       _TaskADC            
    4784 CODE       _GetBattState       
    478a CODE       _SetBattState       
    4790 CODE       _Init               
    47fe CODE       _TaskIO             
    4818 CODE       _ClrLED0            
    4822 CODE       _SetLED0            
    482c CODE       _ClrLED1            
    4836 CODE       _SetLED1            
    4840 CODE       _ClrLED2            
    484a CODE       _SetLED2            
    4854 CODE       _getDays            
    489c CODE       _getHours           
    4918 CODE       _getMinutes         
    4994 CODE       _getSeconds         
    49f6 CODE       _MsgTS              
    4a64 CODE       _TaskUI             
    4b3a CODE       _TaskDoCmds         
    4d3c CODE       _setCmd             
    4d42 CODE       _TaskLED            
    4e98 CODE       _usart_uart1_open   
    4f26 CODE       _usart_uart1_tx_free
    4f30 CODE       _usart_uart1_getchar
    4f64 CODE       _usart_uart1_putchar
    4f96 CODE       _usart_uart1_puts   
    4fb8 CODE       _usart_uart1_outchar
    4fe4 CODE       _usart_uart1_inchar 
    500a CODE       _OSDelay            
    5098 CODE       _OSWaitEvent        
    51da CODE       _OSInit             
    51fc CODE       _OSCreateTask       
    5274 CODE       _OSInitPrioTask     
    5298 CODE       _OSDelPrioQ         
    52dc CODE       _OSDelDelayQ        
    5318 CODE       _OSInsPrioQ         
    5368 CODE       _OSInsDelayQ        
    53ca CODE       _OSSched            
    55b2 CODE       _OSCreateSem        
    55d8 CODE       _OSWaitSem          
    560c CODE       _OSSignalSem        
    5668 CODE       _OSGetTicks         
    5686 CODE       _OSTimer            
    56a2 CODE       _OSIdlingHook       
    56a4 CODE       _OSDisableHook      
    56ae CODE       _OSEnableHook       
    56b4 CODE       _OSClrWDTHook       
    56c6 CODE       _OSDispatch         
    56ea CODE       _OSCtxSw            
    571c CODE       ___int32_mul        
    574a CODE       ___int16_div        
    5770 CODE       ___int16_mod        
    5796 CODE       ___int16_mul        
    57aa CODE       ___int64_lsl        
    57bc CODE       ___int64_lsr        
    57d0 CODE       ___uint64_mod       
    580c CODE       ___uint16_div       
    5824 CODE       ___uint32_div       
    5832 CODE       ___uint32_divmod    
    585a CODE       ___uint32_mod       
    586c CODE       ___uint64_div       
    58b0 CODE       ___uint64_divmod    
    58ec CODE       ___pow10            
    5952 CODE       ___putc             
    599e CODE       ___print_padding    
    59c4 CODE       ___pre_padding      
    59f6 CODE       _abs                
    5a06 CODE       _tolower            
    5a26 CODE       _sprintf            
    5a62 CODE       _memcpy             
    5a72 CODE       _memset             
    5a82 CODE       _strlen             
    5a92 CODE       ___vfprintf_float_long
    5a92 CODE       ___vfprintf         
    698a CODE       ___float32_isinf    
    69a4 CODE       ___float32_isnan    
    69bc CODE       ___uint64_to_float32
    6ab2 CODE       ___float32_to_int64 
    6b7c CODE       ___float32_add      
    6c76 CODE       ___float32_sub      
    6c82 CODE       ___float32_mul      
    6d76 CODE       ___float32_div      
    6e40 CODE       ___float32_lt       
    6e5c CODE       ___float32_eq       
    6e6c CODE       _ldexp              
    6ea8 CODE       _frexp              
    6ecc CODE       ___do_debug_operation
    6f02 CODE       _debug_exit         
    6f14 CODE       ___debug_io_lock    
    6f16 CODE       ___debug_io_unlock  
