
SYMBOLS BY NAME

    47e4 CODE       _ClrLED0            
    4078 ISR        _ISRADC             
    4068 ISR        _ISRCMPA            
    4074 ISR        _ISRNMI             
    405c ISR        _ISRPort1           
    4058 ISR        _ISRPort2           
    4034 ISR        _ISRRx0             
    4036 ISR        _ISRRx1             
    4060 ISR        _ISRTimerA1         
    4070 ISR        _ISRTimerB0         
    406c ISR        _ISRTimerB1         
    401c ISR        _ISRTx0             
    401e ISR        _ISRTx1             
    4064 ISR        _ISRWDT             
    4736 CODE       _Init               
    499a CODE       _MsgTS              
    5498 CODE       _OSClrWDTHook       
    5396 CODE       _OSCreateSem        
    4fe0 CODE       _OSCreateTask       
    54ce CODE       _OSCtxSw            
    50c0 CODE       _OSDelDelayQ        
    507c CODE       _OSDelPrioQ         
    4dee CODE       _OSDelay            
    5488 CODE       _OSDisableHook      
    54aa CODE       _OSDispatch         
    5492 CODE       _OSEnableHook       
    544c CODE       _OSGetTicks         
    5486 CODE       _OSIdlingHook       
    4fbe CODE       _OSInit             
    5058 CODE       _OSInitPrioTask     
    514c CODE       _OSInsDelayQ        
    50fc CODE       _OSInsPrioQ         
    51ae CODE       _OSSched            
    53f0 CODE       _OSSignalSem        
    546a CODE       _OSTimer            
    4e7c CODE       _OSWaitEvent        
    53bc CODE       _OSWaitSem          
    1326 UDATA0     _OScTcbP            
    12e4 UDATA0     _OSdelayQP          
    12ea UDATA0     _OSecbArea          
    1328 UDATA0     _OSeligQP           
    12dc UDATA0     _OSframeP           
    12de UDATA0     _OSlostTicks        
    12e8 UDATA0     _OSsigQinP          
    12e6 UDATA0     _OSsigQoutP         
    132a UDATA0     _OStcbArea          
    12e0 UDATA0     _OStimerTicks       
    45a4 CODE       _RtnBattVoltage     
    47ee CODE       _SetLED0            
    45ce CODE       _TaskADC            
    46fe CODE       _TaskBatt           
    4ade CODE       _TaskDoCmds         
    47a4 CODE       _TaskIO             
    4a08 CODE       _TaskUI             
    4000 ISR        _Timer_A            
    1100            ___RAM_Address      
    2800            ___RAM_Size         
    1100 IDATA0     ___begin_IDATA0     
    1103 UDATA0     ___begin_UDATA0     
     134            ___crt_mac          
     130            ___crt_mpy          
     138            ___crt_op2          
     13c            ___crt_reshi        
     13a            ___crt_reslo        
     13e            ___crt_sumext       
    6d22 CODE       ___debug_io_lock    
    6d24 CODE       ___debug_io_unlock  
    6cda CODE       ___do_debug_operation
    1103 IDATA0     ___end_IDATA0       
    1646 UDATA0     ___end_UDATA0       
    6960 CODE       ___float32_add      
    6b5a CODE       ___float32_div      
    6c40 CODE       ___float32_eq       
    676e CODE       ___float32_isinf    
    6788 CODE       ___float32_isnan    
    6c24 CODE       ___float32_lt       
    6a66 CODE       ___float32_mul      
    6a5a CODE       ___float32_sub      
    6896 CODE       ___float32_to_int64 
    1640 UDATA0     ___format_extender  
    440f CONST      ___hex_lc           
    43ff CONST      ___hex_uc           
    552e CODE       ___int16_div        
    5554 CODE       ___int16_mod        
    557a CODE       ___int16_mul        
    5500 CODE       ___int32_mul        
    558e CODE       ___int64_lsl        
    55a0 CODE       ___int64_lsr        
    56d0 CODE       ___pow10            
    57a8 CODE       ___pre_padding      
    5782 CODE       ___print_padding    
    5736 CODE       ___putc             
    55f0 CODE       ___uint16_div       
    6c50 CODE       ___uint16_to_float32
    5608 CODE       ___uint32_div       
    5616 CODE       ___uint32_divmod    
    563e CODE       ___uint32_mod       
    5650 CODE       ___uint64_div       
    5694 CODE       ___uint64_divmod    
    55b4 CODE       ___uint64_mod       
    67a0 CODE       ___uint64_to_float32
    5876 CODE       ___vfprintf         
    5876 CODE       ___vfprintf_float_long
    57da CODE       _abs                
    1102 IDATA0     _cmd                
    1644 UDATA0     _dbgCntrlWord       
    1642 UDATA0     _dbgCommWord        
    6d10 CODE       _debug_exit         
    6cb6 CODE       _frexp              
    47f8 CODE       _getDays            
    4840 CODE       _getHours           
    48bc CODE       _getMinutes         
    4938 CODE       _getSeconds         
    6c7a CODE       _ldexp              
    44ea CODE       _main               
    5846 CODE       _memcpy             
    5856 CODE       _memset             
    1538 UDATA0     _rx1Buff            
    163c UDATA0     _rx1Count           
    163a UDATA0     _rx1InP             
    1638 UDATA0     _rx1OutP            
    4c76 CODE       _setCmd             
    580a CODE       _sprintf            
    1103 UDATA0     _strTmp             
    5866 CODE       _strlen             
    57ea CODE       _tolower            
    13a2 UDATA0     _tx1Buff            
    1536 UDATA0     _tx1Count           
    1534 UDATA0     _tx1InP             
    1532 UDATA0     _tx1OutP            
    4d14 CODE       _usart_uart1_getchar
    4dc8 CODE       _usart_uart1_inchar 
    4c7c CODE       _usart_uart1_open   
    4d9c CODE       _usart_uart1_outchar
    4d48 CODE       _usart_uart1_putchar
    4d7a CODE       _usart_uart1_puts   
    4d0a CODE       _usart_uart1_tx_free


SYMBOLS BY VALUE

     130            ___crt_mpy          
     134            ___crt_mac          
     138            ___crt_op2          
     13a            ___crt_reslo        
     13c            ___crt_reshi        
     13e            ___crt_sumext       
    1100            ___RAM_Address      
    1100 IDATA0     ___begin_IDATA0     
    1102 IDATA0     _cmd                
    1103 UDATA0     ___begin_UDATA0     
    1103 IDATA0     ___end_IDATA0       
    1103 UDATA0     _strTmp             
    12dc UDATA0     _OSframeP           
    12de UDATA0     _OSlostTicks        
    12e0 UDATA0     _OStimerTicks       
    12e4 UDATA0     _OSdelayQP          
    12e6 UDATA0     _OSsigQoutP         
    12e8 UDATA0     _OSsigQinP          
    12ea UDATA0     _OSecbArea          
    1326 UDATA0     _OScTcbP            
    1328 UDATA0     _OSeligQP           
    132a UDATA0     _OStcbArea          
    13a2 UDATA0     _tx1Buff            
    1532 UDATA0     _tx1OutP            
    1534 UDATA0     _tx1InP             
    1536 UDATA0     _tx1Count           
    1538 UDATA0     _rx1Buff            
    1638 UDATA0     _rx1OutP            
    163a UDATA0     _rx1InP             
    163c UDATA0     _rx1Count           
    1640 UDATA0     ___format_extender  
    1642 UDATA0     _dbgCommWord        
    1644 UDATA0     _dbgCntrlWord       
    1646 UDATA0     ___end_UDATA0       
    2800            ___RAM_Size         
    4000 ISR        _Timer_A            
    401c ISR        _ISRTx0             
    401e ISR        _ISRTx1             
    4034 ISR        _ISRRx0             
    4036 ISR        _ISRRx1             
    4058 ISR        _ISRPort2           
    405c ISR        _ISRPort1           
    4060 ISR        _ISRTimerA1         
    4064 ISR        _ISRWDT             
    4068 ISR        _ISRCMPA            
    406c ISR        _ISRTimerB1         
    4070 ISR        _ISRTimerB0         
    4074 ISR        _ISRNMI             
    4078 ISR        _ISRADC             
    43ff CONST      ___hex_uc           
    440f CONST      ___hex_lc           
    44ea CODE       _main               
    45a4 CODE       _RtnBattVoltage     
    45ce CODE       _TaskADC            
    46fe CODE       _TaskBatt           
    4736 CODE       _Init               
    47a4 CODE       _TaskIO             
    47e4 CODE       _ClrLED0            
    47ee CODE       _SetLED0            
    47f8 CODE       _getDays            
    4840 CODE       _getHours           
    48bc CODE       _getMinutes         
    4938 CODE       _getSeconds         
    499a CODE       _MsgTS              
    4a08 CODE       _TaskUI             
    4ade CODE       _TaskDoCmds         
    4c76 CODE       _setCmd             
    4c7c CODE       _usart_uart1_open   
    4d0a CODE       _usart_uart1_tx_free
    4d14 CODE       _usart_uart1_getchar
    4d48 CODE       _usart_uart1_putchar
    4d7a CODE       _usart_uart1_puts   
    4d9c CODE       _usart_uart1_outchar
    4dc8 CODE       _usart_uart1_inchar 
    4dee CODE       _OSDelay            
    4e7c CODE       _OSWaitEvent        
    4fbe CODE       _OSInit             
    4fe0 CODE       _OSCreateTask       
    5058 CODE       _OSInitPrioTask     
    507c CODE       _OSDelPrioQ         
    50c0 CODE       _OSDelDelayQ        
    50fc CODE       _OSInsPrioQ         
    514c CODE       _OSInsDelayQ        
    51ae CODE       _OSSched            
    5396 CODE       _OSCreateSem        
    53bc CODE       _OSWaitSem          
    53f0 CODE       _OSSignalSem        
    544c CODE       _OSGetTicks         
    546a CODE       _OSTimer            
    5486 CODE       _OSIdlingHook       
    5488 CODE       _OSDisableHook      
    5492 CODE       _OSEnableHook       
    5498 CODE       _OSClrWDTHook       
    54aa CODE       _OSDispatch         
    54ce CODE       _OSCtxSw            
    5500 CODE       ___int32_mul        
    552e CODE       ___int16_div        
    5554 CODE       ___int16_mod        
    557a CODE       ___int16_mul        
    558e CODE       ___int64_lsl        
    55a0 CODE       ___int64_lsr        
    55b4 CODE       ___uint64_mod       
    55f0 CODE       ___uint16_div       
    5608 CODE       ___uint32_div       
    5616 CODE       ___uint32_divmod    
    563e CODE       ___uint32_mod       
    5650 CODE       ___uint64_div       
    5694 CODE       ___uint64_divmod    
    56d0 CODE       ___pow10            
    5736 CODE       ___putc             
    5782 CODE       ___print_padding    
    57a8 CODE       ___pre_padding      
    57da CODE       _abs                
    57ea CODE       _tolower            
    580a CODE       _sprintf            
    5846 CODE       _memcpy             
    5856 CODE       _memset             
    5866 CODE       _strlen             
    5876 CODE       ___vfprintf_float_long
    5876 CODE       ___vfprintf         
    676e CODE       ___float32_isinf    
    6788 CODE       ___float32_isnan    
    67a0 CODE       ___uint64_to_float32
    6896 CODE       ___float32_to_int64 
    6960 CODE       ___float32_add      
    6a5a CODE       ___float32_sub      
    6a66 CODE       ___float32_mul      
    6b5a CODE       ___float32_div      
    6c24 CODE       ___float32_lt       
    6c40 CODE       ___float32_eq       
    6c50 CODE       ___uint16_to_float32
    6c7a CODE       _ldexp              
    6cb6 CODE       _frexp              
    6cda CODE       ___do_debug_operation
    6d10 CODE       _debug_exit         
    6d22 CODE       ___debug_io_lock    
    6d24 CODE       ___debug_io_unlock  
