
SYMBOLS BY NAME

    4660 CODE       _ClrLED0            
    4078 ISR        _ISRADC             
    4068 ISR        _ISRCMPA            
    4074 ISR        _ISRNMI             
    405c ISR        _ISRPort1           
    4058 ISR        _ISRPort2           
    4034 ISR        _ISRRx0             
    4036 ISR        _ISRRx1             
    4060 ISR        _ISRTimerA1         
    4070 ISR        _ISRTimerB0         
    406c ISR        _ISRTimerB1         
    401c ISR        _ISRTx0             
    401e ISR        _ISRTx1             
    4064 ISR        _ISRWDT             
    45b2 CODE       _Init               
    4816 CODE       _MsgTS              
    50a2 CODE       _OSClrWDTHook       
    4fa0 CODE       _OSCreateSem        
    4bea CODE       _OSCreateTask       
    50d8 CODE       _OSCtxSw            
    4cca CODE       _OSDelDelayQ        
    4c86 CODE       _OSDelPrioQ         
    49f8 CODE       _OSDelay            
    5092 CODE       _OSDisableHook      
    50b4 CODE       _OSDispatch         
    509c CODE       _OSEnableHook       
    5056 CODE       _OSGetTicks         
    5090 CODE       _OSIdlingHook       
    4bc8 CODE       _OSInit             
    4c62 CODE       _OSInitPrioTask     
    4d56 CODE       _OSInsDelayQ        
    4d06 CODE       _OSInsPrioQ         
    4db8 CODE       _OSSched            
    4ffa CODE       _OSSignalSem        
    5074 CODE       _OSTimer            
    4a86 CODE       _OSWaitEvent        
    4fc6 CODE       _OSWaitSem          
    1324 UDATA0     _OScTcbP            
    12e2 UDATA0     _OSdelayQP          
    12e8 UDATA0     _OSecbArea          
    1326 UDATA0     _OSeligQP           
    12da UDATA0     _OSframeP           
    12dc UDATA0     _OSlostTicks        
    12e6 UDATA0     _OSsigQinP          
    12e4 UDATA0     _OSsigQoutP         
    1328 UDATA0     _OStcbArea          
    12de UDATA0     _OStimerTicks       
    4420 CODE       _RtnBattVoltage     
    466a CODE       _SetLED0            
    444a CODE       _TaskADC            
    457a CODE       _TaskBatt           
    4620 CODE       _TaskIO             
    4884 CODE       _TaskUI             
    4000 ISR        _Timer_A            
    1100            ___RAM_Address      
    2800            ___RAM_Size         
    1100 IDATA0     ___begin_IDATA0     
    1102 UDATA0     ___begin_UDATA0     
     134            ___crt_mac          
     130            ___crt_mpy          
     138            ___crt_op2          
     13c            ___crt_reshi        
     13a            ___crt_reslo        
     13e            ___crt_sumext       
    690c CODE       ___debug_io_lock    
    690e CODE       ___debug_io_unlock  
    68c4 CODE       ___do_debug_operation
    1102 IDATA0     ___end_IDATA0       
    1644 UDATA0     ___end_UDATA0       
    654a CODE       ___float32_add      
    6744 CODE       ___float32_div      
    682a CODE       ___float32_eq       
    6358 CODE       ___float32_isinf    
    6372 CODE       ___float32_isnan    
    680e CODE       ___float32_lt       
    6650 CODE       ___float32_mul      
    6644 CODE       ___float32_sub      
    6480 CODE       ___float32_to_int64 
    163e UDATA0     ___format_extender  
    429b CONST      ___hex_lc           
    428b CONST      ___hex_uc           
    5138 CODE       ___int16_div        
    515e CODE       ___int16_mod        
    5184 CODE       ___int16_mul        
    510a CODE       ___int32_mul        
    5198 CODE       ___int64_lsl        
    51aa CODE       ___int64_lsr        
    52da CODE       ___pow10            
    53b2 CODE       ___pre_padding      
    538c CODE       ___print_padding    
    5340 CODE       ___putc             
    51fa CODE       ___uint16_div       
    683a CODE       ___uint16_to_float32
    5212 CODE       ___uint32_div       
    5220 CODE       ___uint32_divmod    
    5248 CODE       ___uint32_mod       
    525a CODE       ___uint64_div       
    529e CODE       ___uint64_divmod    
    51be CODE       ___uint64_mod       
    638a CODE       ___uint64_to_float32
    5460 CODE       ___vfprintf         
    5460 CODE       ___vfprintf_float_long
    53e4 CODE       _abs                
    1642 UDATA0     _dbgCntrlWord       
    1640 UDATA0     _dbgCommWord        
    68fa CODE       _debug_exit         
    68a0 CODE       _frexp              
    4674 CODE       _getDays            
    46bc CODE       _getHours           
    4738 CODE       _getMinutes         
    47b4 CODE       _getSeconds         
    6864 CODE       _ldexp              
    4376 CODE       _main               
    5430 CODE       _memcpy             
    5440 CODE       _memset             
    1536 UDATA0     _rx1Buff            
    163a UDATA0     _rx1Count           
    1638 UDATA0     _rx1InP             
    1636 UDATA0     _rx1OutP            
    53f4 CODE       _sprintf            
    1102 UDATA0     _strTmp             
    5450 CODE       _strlen             
    13a0 UDATA0     _tx1Buff            
    1534 UDATA0     _tx1Count           
    1532 UDATA0     _tx1InP             
    1530 UDATA0     _tx1OutP            
    49d2 CODE       _usart_uart1_inchar 
    48ba CODE       _usart_uart1_open   
    49a6 CODE       _usart_uart1_outchar
    4952 CODE       _usart_uart1_putchar
    4984 CODE       _usart_uart1_puts   
    4948 CODE       _usart_uart1_tx_free


SYMBOLS BY VALUE

     130            ___crt_mpy          
     134            ___crt_mac          
     138            ___crt_op2          
     13a            ___crt_reslo        
     13c            ___crt_reshi        
     13e            ___crt_sumext       
    1100            ___RAM_Address      
    1100 IDATA0     ___begin_IDATA0     
    1102 UDATA0     _strTmp             
    1102 IDATA0     ___end_IDATA0       
    1102 UDATA0     ___begin_UDATA0     
    12da UDATA0     _OSframeP           
    12dc UDATA0     _OSlostTicks        
    12de UDATA0     _OStimerTicks       
    12e2 UDATA0     _OSdelayQP          
    12e4 UDATA0     _OSsigQoutP         
    12e6 UDATA0     _OSsigQinP          
    12e8 UDATA0     _OSecbArea          
    1324 UDATA0     _OScTcbP            
    1326 UDATA0     _OSeligQP           
    1328 UDATA0     _OStcbArea          
    13a0 UDATA0     _tx1Buff            
    1530 UDATA0     _tx1OutP            
    1532 UDATA0     _tx1InP             
    1534 UDATA0     _tx1Count           
    1536 UDATA0     _rx1Buff            
    1636 UDATA0     _rx1OutP            
    1638 UDATA0     _rx1InP             
    163a UDATA0     _rx1Count           
    163e UDATA0     ___format_extender  
    1640 UDATA0     _dbgCommWord        
    1642 UDATA0     _dbgCntrlWord       
    1644 UDATA0     ___end_UDATA0       
    2800            ___RAM_Size         
    4000 ISR        _Timer_A            
    401c ISR        _ISRTx0             
    401e ISR        _ISRTx1             
    4034 ISR        _ISRRx0             
    4036 ISR        _ISRRx1             
    4058 ISR        _ISRPort2           
    405c ISR        _ISRPort1           
    4060 ISR        _ISRTimerA1         
    4064 ISR        _ISRWDT             
    4068 ISR        _ISRCMPA            
    406c ISR        _ISRTimerB1         
    4070 ISR        _ISRTimerB0         
    4074 ISR        _ISRNMI             
    4078 ISR        _ISRADC             
    428b CONST      ___hex_uc           
    429b CONST      ___hex_lc           
    4376 CODE       _main               
    4420 CODE       _RtnBattVoltage     
    444a CODE       _TaskADC            
    457a CODE       _TaskBatt           
    45b2 CODE       _Init               
    4620 CODE       _TaskIO             
    4660 CODE       _ClrLED0            
    466a CODE       _SetLED0            
    4674 CODE       _getDays            
    46bc CODE       _getHours           
    4738 CODE       _getMinutes         
    47b4 CODE       _getSeconds         
    4816 CODE       _MsgTS              
    4884 CODE       _TaskUI             
    48ba CODE       _usart_uart1_open   
    4948 CODE       _usart_uart1_tx_free
    4952 CODE       _usart_uart1_putchar
    4984 CODE       _usart_uart1_puts   
    49a6 CODE       _usart_uart1_outchar
    49d2 CODE       _usart_uart1_inchar 
    49f8 CODE       _OSDelay            
    4a86 CODE       _OSWaitEvent        
    4bc8 CODE       _OSInit             
    4bea CODE       _OSCreateTask       
    4c62 CODE       _OSInitPrioTask     
    4c86 CODE       _OSDelPrioQ         
    4cca CODE       _OSDelDelayQ        
    4d06 CODE       _OSInsPrioQ         
    4d56 CODE       _OSInsDelayQ        
    4db8 CODE       _OSSched            
    4fa0 CODE       _OSCreateSem        
    4fc6 CODE       _OSWaitSem          
    4ffa CODE       _OSSignalSem        
    5056 CODE       _OSGetTicks         
    5074 CODE       _OSTimer            
    5090 CODE       _OSIdlingHook       
    5092 CODE       _OSDisableHook      
    509c CODE       _OSEnableHook       
    50a2 CODE       _OSClrWDTHook       
    50b4 CODE       _OSDispatch         
    50d8 CODE       _OSCtxSw            
    510a CODE       ___int32_mul        
    5138 CODE       ___int16_div        
    515e CODE       ___int16_mod        
    5184 CODE       ___int16_mul        
    5198 CODE       ___int64_lsl        
    51aa CODE       ___int64_lsr        
    51be CODE       ___uint64_mod       
    51fa CODE       ___uint16_div       
    5212 CODE       ___uint32_div       
    5220 CODE       ___uint32_divmod    
    5248 CODE       ___uint32_mod       
    525a CODE       ___uint64_div       
    529e CODE       ___uint64_divmod    
    52da CODE       ___pow10            
    5340 CODE       ___putc             
    538c CODE       ___print_padding    
    53b2 CODE       ___pre_padding      
    53e4 CODE       _abs                
    53f4 CODE       _sprintf            
    5430 CODE       _memcpy             
    5440 CODE       _memset             
    5450 CODE       _strlen             
    5460 CODE       ___vfprintf         
    5460 CODE       ___vfprintf_float_long
    6358 CODE       ___float32_isinf    
    6372 CODE       ___float32_isnan    
    638a CODE       ___uint64_to_float32
    6480 CODE       ___float32_to_int64 
    654a CODE       ___float32_add      
    6644 CODE       ___float32_sub      
    6650 CODE       ___float32_mul      
    6744 CODE       ___float32_div      
    680e CODE       ___float32_lt       
    682a CODE       ___float32_eq       
    683a CODE       ___uint16_to_float32
    6864 CODE       _ldexp              
    68a0 CODE       _frexp              
    68c4 CODE       ___do_debug_operation
    68fa CODE       _debug_exit         
    690c CODE       ___debug_io_lock    
    690e CODE       ___debug_io_unlock  
